---
source: src/create.rs
expression: body
---
## Metadata
* initial qc commit: abc123def456789
* git branch: feature/new-feature
* author: John Doe (john@example.com)
* collaborators: Jane Smith (jane@example.com)
* [file contents at initial qc commit](https://github.com/owner/repo/blob/abc123d/src/example.rs)

## Relevant Files

### Previous QC
- [previous.R](https://github.com/owner/repo/issues/1) - This file has been previously QCed

### Gating QC
- [gating.R](https://github.com/owner/repo/issues/2) - This file gates the approval of this QC

### Relevant QC
- [related.R](https://github.com/owner/repo/issues/3)

### Relevant File
- **file.R** - A required justification

# Code Review Checklist

NOTE

- [ ] Code compiles without warnings
- [ ] Tests pass
- [ ] Documentation updated
