---
source: src/issues.rs
expression: body
---
## Metadata
* initial qc commit: abc123def456789
* git branch: feature/new-feature
* author: John Doe (john@example.com)
* collaborators: Jane Smith (jane@example.com)
* [file contents at initial qc commit](https://github.com/owner/repo/blob/abc123d/src/example.rs)
        
# Code Review Checklist

NOTE

- [ ] Code compiles without warnings
- [ ] Tests pass
- [ ] Documentation updated
